NO, MYTHICAL is not entailed.
YES, MAGICAL is entailed.
YES, HORNED is entailed.
NO, IMMORTAL is not entailed.
NO, MAMMAL is not entailed.
NO, !MYTHICAL is not entailed.
NO, !MAGICAL is not entailed.
NO, !HORNED is not entailed.
NO, !IMMORTAL is not entailed.
NO, !MAMMAL is not entailed.
