NO, FF is not entailed.
YES, !FF is entailed.
YES, TS is entailed.
NO, !TS is not entailed.
NO, FS is not entailed.
YES, !FS is entailed.
YES, M is entailed.
NO, !M is not entailed.
NO, E is not entailed.
YES, !E is entailed.

NO, FF is not entailed.
YES, !FF is entailed.
YES, TS is entailed.
NO, !TS is not entailed.
NO, FS is not entailed.
YES, !FS is entailed.
YES, M is entailed.
NO, !M is not entailed.
NO, E is not entailed.
YES, !E is entailed.

